// Jest Snapshot v1, https://goo.gl/fbAQLP

exports[`works 1`] = `
Array [
  "fooed",
  "bared",
  " ",
  " ",
]
`;

exports[`works 2`] = `
Array [
  "fooed",
  "bared",
  " ",
  " ",
]
`;
